42 issue #1 - Talent	0-9/42 issue 1 - Talent	A-Magazines:0-9/42Issue1/42Issue1.Slave
Cracker Journal 3 - Alpha Flight	C/Cracker Journal 3 - Alpha	A-Magazines:C/CrackerJournal03/CrackerJournal03.Slave
Cracker Journal #05 - Alpha Flight 1970	C/Cracker Journal 05 - Alpha	A-Magazines:C/CrackerJournal05/CrackerJournal05.Slave
Cracker Journal #06 - Alpha Flight 1970	C/Cracker Journal 06 - Alpha	A-Magazines:C/CrackerJournal06/CrackerJournal06.Slave
Cracker Journal #07/#08 - Alpha Flight 1970	C/Cracker Journal 0708 - Alp	A-Magazines:C/CrackerJournal07&08/CrackerJournal07&08.Slave
Cracker journal #09 - Alpha Flight 1970	C/Cracker journal 09 - Alpha	A-Magazines:C/CrackerJournal09/CrackerJournal09.Slave
Cracker Journal 10 - Alpha Flight	C/Cracker Journal 10 - Alpha	A-Magazines:C/CrackerJournal10/CrackerJournal10.Slave
Cracker Journal 11 - Alpha Flight	C/Cracker Journal 11 - Alpha	A-Magazines:C/CrackerJournal11/CrackerJournal11.Slave
Cracker Journal 12 - Alpha Flight	C/Cracker Journal 12 - Alpha	A-Magazines:C/CrackerJournal12/CrackerJournal12.slave
Cracker Journal 13 - Alpha Flight	C/Cracker Journal 13 - Alpha	A-Magazines:C/CrackerJournal13/CrackerJournal13.Slave
Cracker Journal 14 - Alpha Flight	C/Cracker Journal 14 - Alpha	A-Magazines:C/CrackerJournal14/CrackerJournal14.Slave
Cracker Journal 15 - Alpha Flight	C/Cracker Journal 15 - Alpha	A-Magazines:C/CrackerJournal15/CrackerJournal15.Slave
Cracker Journal 16 - Alpha Flight	C/Cracker Journal 16 - Alpha	A-Magazines:C/CrackerJournal16/CrackerJournal16.Slave
Cracker Journal 17 - Alpha Flight	C/Cracker Journal 17 - Alpha	A-Magazines:C/CrackerJournal17/CrackerJournal17.Slave
Cracker Journal 18 - Alpha Flight	C/Cracker Journal 18 - Alpha	A-Magazines:C/CrackerJournal18/CrackerJournal18.Slave
Cracker Journal 19 - Alpha Flight	C/Cracker Journal 19 - Alpha	A-Magazines:C/CrackerJournal19/CrackerJournal19.Slave
Cracker Journal 20 - Alpha Flight	C/Cracker Journal 20 - Alpha	A-Magazines:C/CrackerJournal20/CrackerJournal20.Slave
Cracker Journal 21 - Alpha Flight	C/Cracker Journal 21 - Alpha	A-Magazines:C/CrackerJournal21/CrackerJournal21.Slave
Cracker Journal 22 - Alpha Flight	C/Cracker Journal 22 - Alpha	A-Magazines:C/CrackerJournal22/CrackerJournal22.Slave
Exit 1 - Vectors	E/Exit 1 - Vectors	A-Magazines:E/Exit1/Exit1.Slave
Exit 2 - Vectors	E/Exit 2 - Vectors	A-Magazines:E/Exit2/Exit2.Slave
Exit 3 - Vectors	E/Exit 3 - Vectors	A-Magazines:E/Exit3/Exit3.Slave
Exit 4 - Vectors	E/Exit 4 - Vectors	A-Magazines:E/Exit4/Exit4.Slave
4th dimension #3 - Cryptoburners	0-9/4th dimension 3 - Cryptobu	A-Magazines:F/FourthDimension3/FourthDimension3.Slave
Mc Disk 2 - Coma	M/Mc Disk 2 - Coma	A-Magazines:M/McDisk2/McDisk2.Slave
P.E.N.I.S. 1 - Doctor Mabuse Orgasm Crackings	P/P.E.N.I.S. 1 - Doctor Mabu	A-Magazines:P/PENIS1/PENIS1.Slave
P.E.N.I.S. 2 - Doctor Mabuse Orgasm Crackings	P/P.E.N.I.S. 2 - Doctor Mabu	A-Magazines:P/PENIS2/PENIS2.Slave
P.e.n.i.s. 3 - Doctor Mabuse Orgasm Crackings	P/P.e.n.i.s. 3 - Doctor Mabu	A-Magazines:P/PENIS3/PENIS3.Slave
The Scene 2 - Abel	T/The Scene 2 - Abel	A-Magazines:S/Scene2Abel/Scene2Abel.Slave
The Scene 3 - Decay	T/The Scene 3 - Decay	A-Magazines:S/Scene3Decay/Scene3Decay.slave
Scene Talk 1 - Submission	S/Scene Talk 1 - Submission	A-Magazines:S/SceneTalk1/SceneTalk1.slave
Scene Talk 2 - Submission	S/Scene Talk 2 - Submission	A-Magazines:S/SceneTalk2/SceneTalk2.slave
Scene Talk 3 - Submission	S/Scene Talk 3 - Submission	A-Magazines:S/SceneTalk3/SceneTalk3.slave
Scene Talk 4 - Submission	S/Scene Talk 4 - Submission	A-Magazines:S/SceneTalk4/SceneTalk4.Slave
Scene Talk 5 - Mystic	S/Scene Talk 5 - Mystic	A-Magazines:S/SceneTalk5/SceneTalk5.Slave
Stolen Data 7 - Anarchy,Flash Production	S/Stolen Data 7 - Anarchy.Fl	A-Magazines:S/StolenData07/StolenData07.Slave
Stolen Data 8 - Anarchy	S/Stolen Data 8 - Anarchy	A-Magazines:S/StolenData08/StolenData08.Slave
Upstream #1 - Frogs	U/Upstream 1 - Frogs	A-Magazines:U/Upstream01/Upstream01.Slave
WorldCharts #15 AMIGA - Hoodlum,Scoopex,The Silents	W/WorldCharts 15 AMIGA - Hoo	A-Magazines:W/WorldCharts09/WorldCharts09.Slave
Zine #01 - Brainstorm	Z/Zine 01 - Brainstorm	A-Magazines:Z/Zine01/Zine01.Slave
Zine #02 - Brainstorm	Z/Zine 02 - Brainstorm	A-Magazines:Z/Zine02/Zine02.Slave
Zine #03 - Brainstorm	Z/Zine 03 - Brainstorm	A-Magazines:Z/Zine03/Zine03.Slave
Zine #04 - Brainstorm	Z/Zine 04 - Brainstorm	A-Magazines:Z/Zine04/Zine04.Slave
Zine #05 - Brainstorm	Z/Zine 05 - Brainstorm	A-Magazines:Z/Zine05/Zine05.slave
Zine #06 - Brainstorm	Z/Zine 06 - Brainstorm	A-Magazines:Z/Zine06/Zine06.slave
Zine #07 - Brainstorm	Z/Zine 07 - Brainstorm	A-Magazines:Z/Zine07/Zine07.slave
Zine #08 - Brainstorm	Z/Zine 08 - Brainstorm	A-Magazines:Z/Zine08/Zine08.Slave
Zine #09 - Brainstorm	Z/Zine 09 - Brainstorm	A-Magazines:Z/Zine09/Zine09.Slave
Zine #10 - Brainstorm	Z/Zine 10 - Brainstorm	A-Magazines:Z/Zine10/Zine10.Slave