42 issue #1 - Talent	0-9/42 issue 1 - Talent	A-Magazines:0-9/42Issue1/42Issue1.Slave
42 issue #2 - Talent	0-9/42 issue 2 - Talent	A-Magazines:0-9/42Issue2/42Issue2.Slave
The Almighty Issue #1 - Manitou	T/The Almighty Issue 1 - Man	A-Magazines:A/Almighty/Almighty.Slave
Compass 1 - Alcatraz	C/Compass 1 - Alcatraz	A-Magazines:C/Compass1/Compass1.Slave
Cracker Journal 1 - Alpha Flight	C/Cracker Journal 1 - Alpha	A-Magazines:C/CrackerJournal01/CrackerJournal01.Slave
Cracker Journal 2 - Alpha Flight	C/Cracker Journal 2 - Alpha	A-Magazines:C/CrackerJournal02/CrackerJournal02.Slave
Cracker Journal 3 - Alpha Flight	C/Cracker Journal 3 - Alpha	A-Magazines:C/CrackerJournal03/CrackerJournal03.Slave
Cracker Journal #04 - Alpha Flight 1970	C/Cracker Journal 04 - Alpha	A-Magazines:C/CrackerJournal04/CrackerJournal04.slave
Cracker Journal #05 - Alpha Flight 1970	C/Cracker Journal 05 - Alpha	A-Magazines:C/CrackerJournal05/CrackerJournal05.Slave
Cracker Journal #06 - Alpha Flight 1970	C/Cracker Journal 06 - Alpha	A-Magazines:C/CrackerJournal06/CrackerJournal06.Slave
Cracker Journal #07/#08 - Alpha Flight 1970	C/Cracker Journal 0708 - Alp	A-Magazines:C/CrackerJournal07&08/CrackerJournal07&08.Slave
Cracker journal #09 - Alpha Flight 1970	C/Cracker journal 09 - Alpha	A-Magazines:C/CrackerJournal09/CrackerJournal09.Slave
Cracker Journal 10 - Alpha Flight	C/Cracker Journal 10 - Alpha	A-Magazines:C/CrackerJournal10/CrackerJournal10.Slave
Cracker Journal 11 - Alpha Flight	C/Cracker Journal 11 - Alpha	A-Magazines:C/CrackerJournal11/CrackerJournal11.Slave
Cracker Journal 12 - Alpha Flight	C/Cracker Journal 12 - Alpha	A-Magazines:C/CrackerJournal12/CrackerJournal12.slave
Cracker Journal 13 - Alpha Flight	C/Cracker Journal 13 - Alpha	A-Magazines:C/CrackerJournal13/CrackerJournal13.Slave
Cracker Journal 14 - Alpha Flight	C/Cracker Journal 14 - Alpha	A-Magazines:C/CrackerJournal14/CrackerJournal14.Slave
Cracker Journal 15 - Alpha Flight	C/Cracker Journal 15 - Alpha	A-Magazines:C/CrackerJournal15/CrackerJournal15.Slave
Cracker Journal 16 - Alpha Flight	C/Cracker Journal 16 - Alpha	A-Magazines:C/CrackerJournal16/CrackerJournal16.Slave
Cracker Journal 17 - Alpha Flight	C/Cracker Journal 17 - Alpha	A-Magazines:C/CrackerJournal17/CrackerJournal17.Slave
Cracker Journal 18 - Alpha Flight	C/Cracker Journal 18 - Alpha	A-Magazines:C/CrackerJournal18/CrackerJournal18.Slave
Cracker Journal 19 - Alpha Flight	C/Cracker Journal 19 - Alpha	A-Magazines:C/CrackerJournal19/CrackerJournal19.Slave
Cracker Journal 20 - Alpha Flight	C/Cracker Journal 20 - Alpha	A-Magazines:C/CrackerJournal20/CrackerJournal20.Slave
Cracker Journal 21 - Alpha Flight	C/Cracker Journal 21 - Alpha	A-Magazines:C/CrackerJournal21/CrackerJournal21.Slave
Cracker Journal 22 - Alpha Flight	C/Cracker Journal 22 - Alpha	A-Magazines:C/CrackerJournal22/CrackerJournal22.Slave
D.I.S.C issue 1 - Level 4	D/D.I.S.C issue 1 - Level 4	A-Magazines:D/DISC1/DISC1.Slave
D.I.S.C Issue 2 - Level 4	D/D.I.S.C Issue 2 - Level 4	A-Magazines:D/DISC2/DISC2.Slave
D.I.S.C Issue 3 - Level 4	D/D.I.S.C Issue 3 - Level 4	A-Magazines:D/DISC3/DISC3.Slave
D.I.S.C issue 4 - Level 4	D/D.I.S.C issue 4 - Level 4	A-Magazines:D/DISC4/DISC4.Slave
D.I.S.C Issue 5 - Level 4	D/D.I.S.C Issue 5 - Level 4	A-Magazines:D/DISC5/DISC5.Slave
D.I.S.C Issue 6 - Level 4	D/D.I.S.C Issue 6 - Level 4	A-Magazines:D/DISC6/DISC6.Slave
D.I.S.C Issue 7 - Level 4	D/D.I.S.C Issue 7 - Level 4	A-Magazines:D/DISC7/DISC7.Slave
D.I.S.C Issue 8 - Level 4	D/D.I.S.C Issue 8 - Level 4	A-Magazines:D/DISC8/DISC8.Slave
Exit 1 - Vectors	E/Exit 1 - Vectors	A-Magazines:E/Exit1/Exit1.Slave
Exit 2 - Vectors	E/Exit 2 - Vectors	A-Magazines:E/Exit2/Exit2.Slave
Exit 3 - Vectors	E/Exit 3 - Vectors	A-Magazines:E/Exit3/Exit3.Slave
Exit 4 - Vectors	E/Exit 4 - Vectors	A-Magazines:E/Exit4/Exit4.Slave
4th dimension #1 - Cryptoburners	0-9/4th dimension 1 - Cryptobu	A-Magazines:F/FourthDimension1/FourthDimension1.Slave
4th dimension #2 - Cryptoburners	0-9/4th dimension 2 - Cryptobu	A-Magazines:F/FourthDimension2/FourthDimension2.Slave
4th dimension #3 - Cryptoburners	0-9/4th dimension 3 - Cryptobu	A-Magazines:F/FourthDimension3/FourthDimension3.Slave
Grapevine #05 - Leeds Spreading Division	G/Grapevine 05 - Leeds Sprea	A-Magazines:G/Grapevine05/Grapevine05.Slave
Grapevine #06 - Leeds Spreading Division	G/Grapevine 06 - Leeds Sprea	A-Magazines:G/Grapevine06/Grapevine06.Slave
Grapevine #07 - Leeds Spreading Division	G/Grapevine 07 - Leeds Sprea	A-Magazines:G/Grapevine07/Grapevine07.Slave
Grapevine #08 - Leeds Spreading Division	G/Grapevine 08 - Leeds Sprea	A-Magazines:G/Grapevine08/Grapevine08.Slave
Grapevine #09 - Leeds Spreading Division	G/Grapevine 09 - Leeds Sprea	A-Magazines:G/Grapevine09/Grapevine09.Slave
Grapevine 10 - LSD	G/Grapevine 10 - LSD	A-Magazines:G/Grapevine10/Grapevine10.Slave
Grapevine 11 - LSD	G/Grapevine 11 - LSD	A-Magazines:G/Grapevine11/Grapevine11.Slave
Grapevine 12 - LSD	G/Grapevine 12 - LSD	A-Magazines:G/Grapevine12/Grapevine12.Slave
Grapevine 13 - LSD	G/Grapevine 13 - LSD	A-Magazines:G/Grapevine13/Grapevine13.Slave
Grapevine 14 - LSD	G/Grapevine 14 - LSD	A-Magazines:G/Grapevine14/Grapevine14.slave
Grapevine 15 - LSD	G/Grapevine 15 - LSD	A-Magazines:G/Grapevine15/Grapevine15.slave
Grapevine 16 - LSD	G/Grapevine 16 - LSD	A-Magazines:G/Grapevine16/Grapevine16.slave
Grapevine 17 - LSD	G/Grapevine 17 - LSD	A-Magazines:G/Grapevine17/Grapevine17.Slave
Grapevine 18 - LSD	G/Grapevine 18 - LSD	A-Magazines:G/Grapevine18/Grapevine18.Slave
Grapevine 19 - LSD	G/Grapevine 19 - LSD	A-Magazines:G/Grapevine19/Grapevine19.Slave
Grapevine 20 - LSD	G/Grapevine 20 - LSD	A-Magazines:G/Grapevine20/Grapevine20.Slave
Grapevine 21 - LSD	G/Grapevine 21 - LSD	A-Magazines:G/Grapevine21/Grapevine21.Slave
Ice 1 Intro - Cytax	I/Ice 1 Intro - Cytax	A-Magazines:I/Ice01/Ice01.Slave
I.C.E. 2 Intro - Cytax	I/I.C.E. 2 Intro - Cytax	A-Magazines:I/Ice02/Ice02.slave
I.c.e. #3 - Cytax	I/I.c.e. 3 - Cytax	A-Magazines:I/Ice3/Ice3.Slave
I.c.e. #4 - Cytax	I/I.c.e. 4 - Cytax	A-Magazines:I/Ice4/Ice4.Slave
I.C.E. #5 - Cytax	I/I.C.E. 5 - Cytax	A-Magazines:I/Ice5/Ice5.Slave
I.C.E. #6 - Cytax	I/I.C.E. 6 - Cytax	A-Magazines:I/Ice6/Ice6.Slave
I.C.E. #7 - Cytax	I/I.C.E. 7 - Cytax	A-Magazines:I/Ice7/Ice7.Slave
I.C.E. #8 - Cytax	I/I.C.E. 8 - Cytax	A-Magazines:I/Ice8/Ice8.Slave
Mc Disk 1 - Coma	M/Mc Disk 1 - Coma	A-Magazines:M/McDisk1/McDisk1.Slave
Mc Disk 2 - Coma	M/Mc Disk 2 - Coma	A-Magazines:M/McDisk2/McDisk2.Slave
Mc Disk 3 - Coma	M/Mc Disk 3 - Coma	A-Magazines:M/McDisk3/McDisk3.Slave
P.E.N.I.S. 1 - Doctor Mabuse Orgasm Crackings	P/P.E.N.I.S. 1 - Doctor Mabu	A-Magazines:P/PENIS1/PENIS1.Slave
P.E.N.I.S. 2 - Doctor Mabuse Orgasm Crackings	P/P.E.N.I.S. 2 - Doctor Mabu	A-Magazines:P/PENIS2/PENIS2.Slave
P.e.n.i.s. 3 - Doctor Mabuse Orgasm Crackings	P/P.e.n.i.s. 3 - Doctor Mabu	A-Magazines:P/PENIS3/PENIS3.Slave
Rom #1 - Essence	R/Rom 1 - Essence	A-Magazines:R/ROM1/ROM1.Slave
Rom #2 - Essence	R/Rom 2 - Essence	A-Magazines:R/ROM2/ROM2.Slave
The Scene 1 - Mystix	T/The Scene 1 - Mystix	A-Magazines:S/Scene1/Scene1.Slave
The Scene 2 - Abel	T/The Scene 2 - Abel	A-Magazines:S/Scene2Abel/Scene2Abel.Slave
The Scene 3 - Decay	T/The Scene 3 - Decay	A-Magazines:S/Scene3Decay/Scene3Decay.slave
The Scene 4 - Dawn	T/The Scene 4 - Dawn	A-Magazines:S/Scene4Prophecy/Scene4Prophecy.Slave
Scene Talk 1 - Submission	S/Scene Talk 1 - Submission	A-Magazines:S/SceneTalk1/SceneTalk1.slave
Scene Talk 2 - Submission	S/Scene Talk 2 - Submission	A-Magazines:S/SceneTalk2/SceneTalk2.slave
Scene Talk 3 - Submission	S/Scene Talk 3 - Submission	A-Magazines:S/SceneTalk3/SceneTalk3.slave
Scene Talk 4 - Submission	S/Scene Talk 4 - Submission	A-Magazines:S/SceneTalk4/SceneTalk4.Slave
Scene Talk 5 - Mystic	S/Scene Talk 5 - Mystic	A-Magazines:S/SceneTalk5/SceneTalk5.Slave
Scene Talk 6 - Mystic	S/Scene Talk 6 - Mystic	A-Magazines:S/SceneTalk6/SceneTalk6.Slave
Scene Talk 7 - Mystic	S/Scene Talk 7 - Mystic	A-Magazines:S/SceneTalk7/SceneTalk7.Slave
Scene Talk 8 - Mystic	S/Scene Talk 8 - Mystic	A-Magazines:S/SceneTalk8/SceneTalk8.Slave
Stolen Data 7 - Anarchy,Flash Production	S/Stolen Data 7 - Anarchy.Fl	A-Magazines:S/StolenData07/StolenData07.Slave
Stolen Data 8 - Anarchy	S/Stolen Data 8 - Anarchy	A-Magazines:S/StolenData08/StolenData08.Slave
Upstream #1 - Frogs	U/Upstream 1 - Frogs	A-Magazines:U/Upstream01/Upstream01.Slave
Visual Intensity 1 - Dual Format	V/Visual Intensity 1 - Dual	A-Magazines:V/VisualIntensity1/VisualIntensity1.Slave
WorldCharts #15 AMIGA - Hoodlum,Scoopex,The Silents	W/WorldCharts 15 AMIGA - Hoo	A-Magazines:W/WorldCharts09/WorldCharts09.Slave
Zine #01 - Brainstorm	Z/Zine 01 - Brainstorm	A-Magazines:Z/Zine01/Zine01.Slave
Zine #02 - Brainstorm	Z/Zine 02 - Brainstorm	A-Magazines:Z/Zine02/Zine02.Slave
Zine #03 - Brainstorm	Z/Zine 03 - Brainstorm	A-Magazines:Z/Zine03/Zine03.Slave
Zine #04 - Brainstorm	Z/Zine 04 - Brainstorm	A-Magazines:Z/Zine04/Zine04.Slave
Zine #05 - Brainstorm	Z/Zine 05 - Brainstorm	A-Magazines:Z/Zine05/Zine05.slave
Zine #06 - Brainstorm	Z/Zine 06 - Brainstorm	A-Magazines:Z/Zine06/Zine06.slave
Zine #07 - Brainstorm	Z/Zine 07 - Brainstorm	A-Magazines:Z/Zine07/Zine07.slave
Zine #08 - Brainstorm	Z/Zine 08 - Brainstorm	A-Magazines:Z/Zine08/Zine08.Slave
Zine #09 - Brainstorm	Z/Zine 09 - Brainstorm	A-Magazines:Z/Zine09/Zine09.Slave
Zine #10 - Brainstorm	Z/Zine 10 - Brainstorm	A-Magazines:Z/Zine10/Zine10.Slave