Compass 1 - Alcatraz	C/Compass 1 - Alcatraz	A-Magazines:C/Compass1/Compass1.Slave
Cracker Journal 1 - Alpha Flight	C/Cracker Journal 1 - Alpha	A-Magazines:C/CrackerJournal01/CrackerJournal01.Slave
Cracker Journal 2 - Alpha Flight	C/Cracker Journal 2 - Alpha	A-Magazines:C/CrackerJournal02/CrackerJournal02.Slave
Cracker Journal 3 - Alpha Flight	C/Cracker Journal 3 - Alpha	A-Magazines:C/CrackerJournal03/CrackerJournal03.Slave
Cracker Journal #04 - Alpha Flight 1970	C/Cracker Journal 04 - Alpha	A-Magazines:C/CrackerJournal04/CrackerJournal04.slave
Cracker Journal #05 - Alpha Flight 1970	C/Cracker Journal 05 - Alpha	A-Magazines:C/CrackerJournal05/CrackerJournal05.Slave
Cracker Journal #06 - Alpha Flight 1970	C/Cracker Journal 06 - Alpha	A-Magazines:C/CrackerJournal06/CrackerJournal06.Slave
Cracker Journal #07/#08 - Alpha Flight 1970	C/Cracker Journal 0708 - Alp	A-Magazines:C/CrackerJournal07&08/CrackerJournal07&08.Slave
Cracker journal #09 - Alpha Flight 1970	C/Cracker journal 09 - Alpha	A-Magazines:C/CrackerJournal09/CrackerJournal09.Slave
Cracker Journal 10 - Alpha Flight	C/Cracker Journal 10 - Alpha	A-Magazines:C/CrackerJournal10/CrackerJournal10.Slave
Cracker Journal 11 - Alpha Flight	C/Cracker Journal 11 - Alpha	A-Magazines:C/CrackerJournal11/CrackerJournal11.Slave
Cracker Journal 12 - Alpha Flight	C/Cracker Journal 12 - Alpha	A-Magazines:C/CrackerJournal12/CrackerJournal12.slave
Cracker Journal 13 - Alpha Flight	C/Cracker Journal 13 - Alpha	A-Magazines:C/CrackerJournal13/CrackerJournal13.Slave
Cracker Journal 14 - Alpha Flight	C/Cracker Journal 14 - Alpha	A-Magazines:C/CrackerJournal14/CrackerJournal14.Slave
Cracker Journal 15 - Alpha Flight	C/Cracker Journal 15 - Alpha	A-Magazines:C/CrackerJournal15/CrackerJournal15.Slave
Cracker Journal 16 - Alpha Flight	C/Cracker Journal 16 - Alpha	A-Magazines:C/CrackerJournal16/CrackerJournal16.Slave
Cracker Journal 17 - Alpha Flight	C/Cracker Journal 17 - Alpha	A-Magazines:C/CrackerJournal17/CrackerJournal17.Slave
Cracker Journal 18 - Alpha Flight	C/Cracker Journal 18 - Alpha	A-Magazines:C/CrackerJournal18/CrackerJournal18.Slave
Cracker Journal 19 - Alpha Flight	C/Cracker Journal 19 - Alpha	A-Magazines:C/CrackerJournal19/CrackerJournal19.Slave
Cracker Journal 20 - Alpha Flight	C/Cracker Journal 20 - Alpha	A-Magazines:C/CrackerJournal20/CrackerJournal20.Slave
Cracker Journal 21 - Alpha Flight	C/Cracker Journal 21 - Alpha	A-Magazines:C/CrackerJournal21/CrackerJournal21.Slave
Cracker Journal 22 - Alpha Flight	C/Cracker Journal 22 - Alpha	A-Magazines:C/CrackerJournal22/CrackerJournal22.Slave