Grapevine #05 - Leeds Spreading Division	G/Grapevine 05 - Leeds Sprea	A-Magazines:G/Grapevine05/Grapevine05.Slave
Grapevine #06 - Leeds Spreading Division	G/Grapevine 06 - Leeds Sprea	A-Magazines:G/Grapevine06/Grapevine06.Slave
Grapevine #07 - Leeds Spreading Division	G/Grapevine 07 - Leeds Sprea	A-Magazines:G/Grapevine07/Grapevine07.Slave
Grapevine #08 - Leeds Spreading Division	G/Grapevine 08 - Leeds Sprea	A-Magazines:G/Grapevine08/Grapevine08.Slave
Grapevine #09 - Leeds Spreading Division	G/Grapevine 09 - Leeds Sprea	A-Magazines:G/Grapevine09/Grapevine09.Slave
Grapevine 10 - LSD	G/Grapevine 10 - LSD	A-Magazines:G/Grapevine10/Grapevine10.Slave
Grapevine 11 - LSD	G/Grapevine 11 - LSD	A-Magazines:G/Grapevine11/Grapevine11.Slave
Grapevine 12 - LSD	G/Grapevine 12 - LSD	A-Magazines:G/Grapevine12/Grapevine12.Slave
Grapevine 13 - LSD	G/Grapevine 13 - LSD	A-Magazines:G/Grapevine13/Grapevine13.Slave
Grapevine 14 - LSD	G/Grapevine 14 - LSD	A-Magazines:G/Grapevine14/Grapevine14.slave
Grapevine 15 - LSD	G/Grapevine 15 - LSD	A-Magazines:G/Grapevine15/Grapevine15.slave
Grapevine 16 - LSD	G/Grapevine 16 - LSD	A-Magazines:G/Grapevine16/Grapevine16.slave
Grapevine 17 - LSD	G/Grapevine 17 - LSD	A-Magazines:G/Grapevine17/Grapevine17.Slave
Grapevine 18 - LSD	G/Grapevine 18 - LSD	A-Magazines:G/Grapevine18/Grapevine18.Slave
Grapevine 19 - LSD	G/Grapevine 19 - LSD	A-Magazines:G/Grapevine19/Grapevine19.Slave
Grapevine 20 - LSD	G/Grapevine 20 - LSD	A-Magazines:G/Grapevine20/Grapevine20.Slave
Grapevine 21 - LSD	G/Grapevine 21 - LSD	A-Magazines:G/Grapevine21/Grapevine21.Slave